D;E;UUID;id;F
AAA;BBB;aaaa-bbbb-cccc-dddd-eee;1;AAA BBB
AAA;BBB;aaaa-bbbb-cccc-dddd-eee;2;AAA BBB
AAA;BBB;aaaa-bbbb-cccc-dddd-eee;3;AAA BBB
AAA;BBB;aaaa-bbbb-cccc-dddd-eee;4;AAA BBB
AAA;BBB;aaaa-bbbb-cccc-dddd-eee;5;AAA BBB
AAA;BBB;aaaa-bbbb-cccc-dddd-eee;6;AAA BBB
AAA;BBB;aaaa-bbbb-cccc-dddd-eee;7;AAA BBB
AAA;BBB;aaaa-bbbb-cccc-dddd-eee;8;AAA BBB
AAA;BBB;aaaa-bbbb-cccc-dddd-eee;9;AAA BBB
AAA;BBB;aaaa-bbbb-cccc-dddd-eee;10;AAA BBB
